

================================================================
== Vivado HLS Report for 'signed_shift'
================================================================
* Date:           Mon Apr 12 16:05:27 2021

* Version:        2019.2 (Build 2704478 on Wed Nov 06 22:10:23 MST 2019)
* Project:        LABA
* Solution:       solution1
* Product family: zynq
* Target device:  xc7z020-clg400-1


================================================================
== Performance Estimates
================================================================
+ Timing: 
    * Summary: 
    +--------+---------+----------+------------+
    |  Clock |  Target | Estimated| Uncertainty|
    +--------+---------+----------+------------+
    |ap_clk  | 5.00 ns | 4.038 ns |   0.63 ns  |
    +--------+---------+----------+------------+

+ Latency: 
    * Summary: 
    +---------+---------+----------+----------+-----+-----+---------+
    |  Latency (cycles) |  Latency (absolute) |  Interval | Pipeline|
    |   min   |   max   |    min   |    max   | min | max |   Type  |
    +---------+---------+----------+----------+-----+-----+---------+
    |        1|        1| 5.000 ns | 5.000 ns |    1|    1|   none  |
    +---------+---------+----------+----------+-----+-----+---------+

    + Detail: 
        * Instance: 
        N/A

        * Loop: 
        N/A



================================================================
== Utilization Estimates
================================================================
* Summary: 
+-----------------+---------+-------+--------+-------+-----+
|       Name      | BRAM_18K| DSP48E|   FF   |  LUT  | URAM|
+-----------------+---------+-------+--------+-------+-----+
|DSP              |        -|      -|       -|      -|    -|
|Expression       |        -|      -|       0|    134|    -|
|FIFO             |        -|      -|       -|      -|    -|
|Instance         |        -|      -|       -|      -|    -|
|Memory           |        -|      -|       -|      -|    -|
|Multiplexer      |        -|      -|       -|     15|    -|
|Register         |        -|      -|      35|      -|    -|
+-----------------+---------+-------+--------+-------+-----+
|Total            |        0|      0|      35|    149|    0|
+-----------------+---------+-------+--------+-------+-----+
|Available        |      280|    220|  106400|  53200|    0|
+-----------------+---------+-------+--------+-------+-----+
|Utilization (%)  |        0|      0|   ~0   |   ~0  |    0|
+-----------------+---------+-------+--------+-------+-----+

+ Detail: 
    * Instance: 
    N/A

    * DSP48E: 
    N/A

    * Memory: 
    N/A

    * FIFO: 
    N/A

    * Expression: 
    +--------------------------+----------+-------+---+----+------------+------------+
    |       Variable Name      | Operation| DSP48E| FF| LUT| Bitwidth P0| Bitwidth P1|
    +--------------------------+----------+-------+---+----+------------+------------+
    |sh_V_fu_61_p2             |     -    |      0|  0|  39|           1|          32|
    |and_ln847_1_fu_114_p2     |    and   |      0|  0|   2|           1|           1|
    |and_ln847_fu_109_p2       |    and   |      0|  0|   2|           1|           1|
    |ashr_ln858_1_fu_88_p2     |   ashr   |      0|  0|  17|           7|           7|
    |ashr_ln858_fu_79_p2       |   ashr   |      0|  0|  17|           7|           7|
    |select_ln847_1_fu_127_p3  |  select  |      0|  0|   7|           1|           7|
    |select_ln847_fu_119_p3    |  select  |      0|  0|   7|           1|           7|
    |x_V_o                     |  select  |      0|  0|   7|           1|           7|
    |shl_ln841_1_fu_97_p2      |    shl   |      0|  0|  17|           7|           7|
    |shl_ln841_fu_70_p2        |    shl   |      0|  0|  17|           7|           7|
    |xor_ln4_fu_103_p2         |    xor   |      0|  0|   2|           1|           2|
    +--------------------------+----------+-------+---+----+------------+------------+
    |Total                     |          |      0|  0| 134|          35|          85|
    +--------------------------+----------+-------+---+----+------------+------------+

    * Multiplexer: 
    +-----------+----+-----------+-----+-----------+
    |    Name   | LUT| Input Size| Bits| Total Bits|
    +-----------+----+-----------+-----+-----------+
    |ap_NS_fsm  |  15|          3|    1|          3|
    +-----------+----+-----------+-----+-----------+
    |Total      |  15|          3|    1|          3|
    +-----------+----+-----------+-----+-----------+

    * Register: 
    +--------------------+----+----+-----+-----------+
    |        Name        | FF | LUT| Bits| Const Bits|
    +--------------------+----+----+-----+-----------+
    |ap_CS_fsm           |   2|   0|    2|          0|
    |p_Result_s_reg_150  |   1|   0|    1|          0|
    |sh_V_reg_156        |  32|   0|   32|          0|
    +--------------------+----+----+-----+-----------+
    |Total               |  35|   0|   35|          0|
    +--------------------+----+----+-----+-----------+



================================================================
== Interface
================================================================
* Summary: 
+--------------+-----+-----+------------+--------------+--------------+
|   RTL Ports  | Dir | Bits|  Protocol  | Source Object|    C Type    |
+--------------+-----+-----+------------+--------------+--------------+
|ap_clk        |  in |    1| ap_ctrl_hs | signed_shift | return value |
|ap_rst        |  in |    1| ap_ctrl_hs | signed_shift | return value |
|ap_start      |  in |    1| ap_ctrl_hs | signed_shift | return value |
|ap_done       | out |    1| ap_ctrl_hs | signed_shift | return value |
|ap_idle       | out |    1| ap_ctrl_hs | signed_shift | return value |
|ap_ready      | out |    1| ap_ctrl_hs | signed_shift | return value |
|x_V_i         |  in |    7|   ap_ovld  |      x_V     |    pointer   |
|x_V_o         | out |    7|   ap_ovld  |      x_V     |    pointer   |
|x_V_o_ap_vld  | out |    1|   ap_ovld  |      x_V     |    pointer   |
|direc         |  in |    1|   ap_none  |     direc    |    scalar    |
|amount        |  in |   32|   ap_none  |    amount    |    scalar    |
+--------------+-----+-----+------------+--------------+--------------+

